mm1	604	0	0	0	0
mm2	575	0	0	0	0
mm3	875	0	0	0	0
mm4	3218	0	0	0	0
mm5	1997	0	0	0	0
mm6	739	0	0	0	0
mm7	1002	0	0	0	0
mm8	1498	0	0	0	0
mm9	1675	0	0	0	0
mm10	2693	0	0	0	0
mm11	187	0	0	0	0
mm12	2651	0	0	0	0
mm13	3742	0	0	0	0
mm14	3974	0	0	0	0
mm15	2316	0	0	0	0
mm16	3251	0	0	0	0
mm17	2618	0	0	0	0
mm18	4233	0	0	0	0
mm19	2960	0	0	0	0
mm20	1175	0	0	0	0
mm21	3803	0	0	0	0
mm22	3280	0	0	0	0
mm23	1362	0	0	0	0
mm24	3726	0	0	0	0
mm25	850	0	0	0	0
mm26	2556	0	0	0	0
mm28	1799	0	0	0	0
mm29	2822	0	0	0	0
mm30	2834	0	0	0	0
mm31	2865	0	0	0	0
mm33	3231	0	0	0	0
mm34	2089	0	0	0	0
mm38	4031	0	0	0	0
mm39	4649	0	0	0	0
mm40	1754	0	0	0	0
mm41	3476	0	0	0	0
mm43	3656	0	0	0	0
mm45	2671	0	0	0	0
mm46	1679	0	0	0	0
mm47	5000	0	0	0	0
mm48	1912	0	0	0	0
mm49	2667	0	0	0	0
mm50	3247	0	0	0	0
mm51	2752	0	0	0	0
mm52	3190	0	0	0	0
mm54	3297	0	0	0	0
mm55	3592	0	0	0	0
mm56	2898	0	0	0	0
mm57	2645	0	0	0	0
mm59	2004	0	0	0	0
mm60	2438	0	0	0	0
mm61	1006	0	0	0	0
mm62	3546	0	0	0	0
mm64	1877	1346	1005.35	0.535618	0.74692
mm65	1573	0	0	0	0
mm67	1602	0	0	0	0
mm68	2039	0	0	0	0
mm69	2165	0	0	0	0
mm70	3248	0	0	0	0
mm71	1806	0	0	0	0
mm72	2727	0	0	0	0
mm73	1909	0	0	0	0
mm74	2708	0	0	0	0
mm75	2205	0	0	0	0
mm77	2550	0	0	0	0
mm78	2018	0	0	0	0
mm79	1597	0	0	0	0
mm80	3711	0	0	0	0
mm81	1697	0	0	0	0
mm82	1988	0	0	0	0
mm84	1890	0	0	0	0
mm85	2737	0	0	0	0
mm86	1595	0	0	0	0
mm87	3173	0	0	0	0
mm88	3509	0	0	0	0
mm89	3353	0	0	0	0
mm90	1932	0	0	0	0
mm91	3176	0	0	0	0
mm92	2042	0	0	0	0
mm93	1598	0	0	0	0
mm94	3718	0	0	0	0
mm95	1892	0	0	0	0
mm97	2893	0	0	0	0
mm99	1776	0	0	0	0
mm100	2855	0	0	0	0
mm101	1141	0	0	0	0
mm102	1909	0	0	0	0
mm103	822	0	0	0	0
mm104	2861	0	0	0	0
mm105	1603	0	0	0	0
mm106	2124	0	0	0	0
mm107	2678	0	0	0	0
mm108	1475	0	0	0	0
mm109	2073	0	0	0	0
mm112	1573	0	0	0	0
mm123	3642	0	0	0	0
mm127	1633	0	0	0	0
mm129	2588	0	0	0	0
mm130	2996	0	0	0	0
mm131	1208	0	0	0	0
mm132	3029	0	0	0	0
mm133	2066	0	0	0	0
mm134	1492	0	0	0	0
mm135	1468	0	0	0	0
mm136	2104	0	0	0	0
mm140	3865	0	0	0	0
mm142	2387	0	0	0	0
mm143	3664	0	0	0	0
mm144	1156	0	0	0	0
mm145	2343	0	0	0	0
mm146	1972	0	0	0	0
mm149	2808	0	0	0	0
mm152	2242	0	0	0	0
mm153	1001	0	0	0	0
mm154	1001	0	0	0	0
mm156	1796	0	0	0	0
mm160	2028	0	0	0	0
mm161	825	0	0	0	0
mm163	1453	0	0	0	0
mm164	585	0	0	0	0
mm165	925	0	0	0	0
mm168	974	0	0	0	0
mm169	1432	0	0	0	0
mm170	1246	0	0	0	0
mm172	1820	0	0	0	0
mm173	760	0	0	0	0
mm174	1306	0	0	0	0
mm178	765	0	0	0	0
mm180	1333	0	0	0	0
mm181	1247	0	0	0	0
mm182	494	0	0	0	0
mm183	908	0	0	0	0
mm187	624	0	0	0	0
mm190	698	0	0	0	0
mm191	558	0	0	0	0
mm192	1471	0	0	0	0
mm193	1159	0	0	0	0
mm194	856	0	0	0	0
mm195	1240	1140	801.025	0.645988	0.702654
mm196	2781	0	0	0	0
mm200	1188	0	0	0	0
mm201	1003	0	0	0	0
mm210	1028	0	0	0	0
mm211	2003	0	0	0	0
mm213	699	0	0	0	0
mm215	1176	0	0	0	0
mm218	818	0	0	0	0
mm223	1935	0	0	0	0
mm224	728	0	0	0	0
mm228	540	0	0	0	0
mm235	950	0	0	0	0
mm236	904	0	0	0	0
mm238	1245	0	0	0	0
mm241	1036	0	0	0	0
mm242	812	0	0	0	0
mm244	902	0	0	0	0
mm245	2056	0	0	0	0
mm247	1200	0	0	0	0
mm250	579	0	0	0	0
mm251	848	0	0	0	0
mm252	632	0	0	0	0
mm253	631	0	0	0	0
mm255	1055	0	0	0	0
mm256	2433	0	0	0	0
mm257	1304	0	0	0	0
mm260	1889	0	0	0	0
mm261	2206	0	0	0	0
mm263	1245	0	0	0	0
mm264	1363	0	0	0	0
mm265	1795	0	0	0	0
mm269	759	443	17.619	0.0232135	0.0397721
mm270	822	0	0	0	0
mm271	635	0	0	0	0
mm275	1444	0	0	0	0
mm276	1167	0	0	0	0
mm279	898	0	0	0	0
mm282	588	0	0	0	0
mm285	1848	0	0	0	0
mm286	830	0	0	0	0
mm289	1665	0	0	0	0
mm291	1297	0	0	0	0
mm292	578	0	0	0	0
mm296	1028	0	0	0	0
mm300	445	0	0	0	0
mm303	548	0	0	0	0
mm304	937	0	0	0	0
mm307	575	0	0	0	0
mm308	1205	0	0	0	0
mm311	830	0	0	0	0
mm313	537	0	0	0	0
mm315	1452	0	0	0	0
mm316	1098	0	0	0	0
mm318	1488	0	0	0	0
mm320	2184	0	0	0	0
mm321	3469	0	0	0	0
mm324	2137	1696	476.511	0.222981	0.280962
mm329	2276	0	0	0	0
mm330	2565	0	0	0	0
mm334	1832	0	0	0	0
mm335	1374	0	0	0	0
mm336	2703	0	0	0	0
mm338	920	0	0	0	0
mm339	992	0	0	0	0
mm342	2668	0	0	0	0
mm343	1956	0	0	0	0
mm346	1650	0	0	0	0
mm362	1842	0	0	0	0
mm366	1004	0	0	0	0
mm368	1362	0	0	0	0
mm370	2257	0	0	0	0
mm371	5575	0	0	0	0
mm372	6816	0	0	0	0
mm373	6870	0	0	0	0
mm374	5113	0	0	0	0
mm375	6552	0	0	0	0
mm376	4427	0	0	0	0
mm377	6957	0	0	0	0
mm378	7762	0	0	0	0
mm379	7372	0	0	0	0
mm380	6818	0	0	0	0
mm381	3409	0	0	0	0
mm382	1140	0	0	0	0
mm383	1703	0	0	0	0
mm384	1287	0	0	0	0
mm385	962	0	0	0	0
mm386	1678	0	0	0	0
mm387	1107	0	0	0	0
mm389	1115	0	0	0	0
mm390	963	0	0	0	0
mm391	1455	0	0	0	0
mm394	1289	0	0	0	0
mm397	1027	0	0	0	0
mm398	1859	0	0	0	0
mm399	1642	0	0	0	0
mm400	1529	0	0	0	0
mm401	1121	0	0	0	0
mm402	2470	0	0	0	0
mm403	1689	0	0	0	0
mm404	1282	0	0	0	0
mm405	1259	0	0	0	0
mm406	843	0	0	0	0
mm407	1501	0	0	0	0
mm408	960	0	0	0	0
mm409	1046	0	0	0	0
mm410	702	0	0	0	0
mm411	853	0	0	0	0
mm412	1379	0	0	0	0
mm413	491	0	0	0	0
mm414	2736	0	0	0	0
mm415	589	0	0	0	0
mm416	987	0	0	0	0
mm417	1452	0	0	0	0
mm418	4129	0	0	0	0
mm419	1015	0	0	0	0
mm420	781	0	0	0	0
mm422	1731	0	0	0	0
mm423	1177	0	0	0	0
mm424	1119	0	0	0	0
mm425	993	0	0	0	0
mm426	3551	0	0	0	0
mm427	1387	0	0	0	0
mm428	852	0	0	0	0
mm429	1573	0	0	0	0
mm430	1491	0	0	0	0
mm433	817	0	0	0	0
mm434	849	0	0	0	0
mm435	1776	0	0	0	0
mm436	1352	0	0	0	0
mm438	1104	0	0	0	0
mm439	1996	0	0	0	0
mm440	1629	0	0	0	0
mm441	1025	0	0	0	0
mm445	1140	700	619.309	0.543254	0.884727
mm447	1150	700	438.754	0.381525	0.626791
mm448	2356	1570	1281.95	0.544121	0.816527
mm449	1395	895	755.847	0.541826	0.844521
mm450	1187	0	0	0	0
mm451	1687	0	0	0	0
mm456	1372	0	0	0	0
mm457	1206	0	0	0	0
mm458	851	0	0	0	0
mm463	1187	0	0	0	0
mm466	1116	0	0	0	0
mm467	1576	0	0	0	0
mm468	4307	0	0	0	0
mm469	4748	0	0	0	0
mm471	1577	0	0	0	0
mm472	1127	0	0	0	0
mm482	597	0	0	0	0
mm484	1355	0	0	0	0
mm489	1184	0	0	0	0
mm495	1304	0	0	0	0
mm506	2332	0	0	0	0
mm529	1052	0	0	0	0
mm547	961	0	0	0	0
mm557	1578	0	0	0	0
mm558	1578	0	0	0	0
mm568	2883	0	0	0	0
mm569	1639	0	0	0	0
mm577	1939	0	0	0	0
mm586	1412	0	0	0	0
mm595	1525	0	0	0	0
mm603	1520	0	0	0	0
mm606	914	0	0	0	0
mm607	1547	0	0	0	0
mm608	1787	0	0	0	0
mm610	1646	0	0	0	0
mm612	2751	0	0	0	0
mm613	1213	0	0	0	0
mm617	674	0	0	0	0
mm618	769	0	0	0	0
mm619	561	0	0	0	0
mm621	991	0	0	0	0
mm622	1477	0	0	0	0
mm625	1560	0	0	0	0
mm627	902	0	0	0	0
mm628	917	0	0	0	0
mm629	998	0	0	0	0
mm630	1669	0	0	0	0
mm631	1426	0	0	0	0
mm632	933	0	0	0	0
mm633	1862	0	0	0	0
mm634	1802	0	0	0	0
mm635	788	0	0	0	0
mm636	2353	0	0	0	0
mm639	1463	0	0	0	0
mm640	1611	0	0	0	0
mm641	1094	0	0	0	0
mm642	1291	0	0	0	0
mm643	1416	0	0	0	0
mm645	664	0	0	0	0
mm646	2607	0	0	0	0
mm652	951	0	0	0	0
mm653	1832	0	0	0	0
mm657	1675	0	0	0	0
mm659	2493	0	0	0	0
mm663	2504	0	0	0	0
mm664	2510	0	0	0	0
mm665	2504	0	0	0	0
mm666	2537	0	0	0	0
mm667	2507	0	0	0	0
mm668	2505	0	0	0	0
mm669	2515	0	0	0	0
mm670	2515	0	0	0	0
mm671	2511	0	0	0	0
mm673	2507	0	0	0	0
mm675	2515	0	0	0	0
mm677	2514	0	0	0	0
mm678	2513	0	0	0	0
mm680	2508	0	0	0	0
mm681	2509	0	0	0	0
mm682	2576	0	0	0	0
mm684	2503	0	0	0	0
mm686	2506	0	0	0	0
mm688	2503	0	0	0	0
mm690	2506	0	0	0	0
mm693	2506	0	0	0	0
mm694	2504	0	0	0	0
mm696	2507	0	0	0	0
mm697	2506	0	0	0	0
mm698	2511	0	0	0	0
mm701	2512	0	0	0	0
mm703	2587	0	0	0	0
mm708	2512	0	0	0	0
mm711	3595	0	0	0	0
mm712	3529	0	0	0	0
mm713	3510	0	0	0	0
mm716	3509	0	0	0	0
mm717	3513	0	0	0	0
mm718	3509	0	0	0	0
mm720	3507	0	0	0	0
mm723	3516	0	0	0	0
mm725	3512	0	0	0	0
mm727	3504	0	0	0	0
mm729	3510	0	0	0	0
mm736	3504	0	0	0	0
mm743	3506	0	0	0	0
mm745	3518	0	0	0	0
mm751	3501	0	0	0	0
mm755	3703	0	0	0	0
mm758	2508	0	0	0	0
mm759	955	0	0	0	0
mm760	1039	0	0	0	0
mm761	909	0	0	0	0
mm762	973	0	0	0	0
mm763	1007	0	0	0	0
mm764	1528	0	0	0	0
mm765	1022	0	0	0	0
mm766	1342	0	0	0	0
mm767	909	0	0	0	0
mm768	1180	0	0	0	0
mm769	1481	0	0	0	0
mm770	1113	0	0	0	0
mm771	330	0	0	0	0
mm774	2502	0	0	0	0
mm777	2511	0	0	0	0
mm780	2268	0	0	0	0
mm782	3342	0	0	0	0
mm786	2525	0	0	0	0
mm794	2499	0	0	0	0
mm795	2499	0	0	0	0
mm799	3045	0	0	0	0
mm801	4399	0	0	0	0
mm813	3501	0	0	0	0
mm814	3510	0	0	0	0
mm815	3506	0	0	0	0
mm817	3125	0	0	0	0
mm824	3095	0	0	0	0
mm832	3537	0	0	0	0
mm844	3956	0	0	0	0
mm849	3746	0	0	0	0
mm870	4202	0	0	0	0
mm871	3807	0	0	0	0
mm876	4533	0	0	0	0
mm878	4342	0	0	0	0
mm879	2672	0	0	0	0
mm881	3273	0	0	0	0
mm888	3785	0	0	0	0
mm890	3629	0	0	0	0
mm897	3356	0	0	0	0
mm898	2371	0	0	0	0
mm901	3032	0	0	0	0
mm907	2049	0	0	0	0
mm911	2071	0	0	0	0
mm912	2700	0	0	0	0
mm915	1282	0	0	0	0
mm916	1240	769	596.843	0.481325	0.776128
mm917	1889	0	0	0	0
mm918	1233	0	0	0	0
mm919	1915	0	0	0	0
mm920	1959	0	0	0	0
mm921	1332	0	0	0	0
mm922	1678	0	0	0	0
mm923	1572	0	0	0	0
mm924	1924	0	0	0	0
mm928	1639	0	0	0	0
mm929	1575	0	0	0	0
mm930	2543	0	0	0	0
mm932	2251	0	0	0	0
mm933	1421	0	0	0	0
mm935	856	0	0	0	0
mm938	1556	0	0	0	0
mm939	1105	0	0	0	0
mm985	3285	0	0	0	0
mm1025	3588	0	0	0	0
mm1088	1240	0	0	0	0
mm1122	3305	0	0	0	0
mm1168	2915	0	0	0	0
mm1169	2325	0	0	0	0
mm1174	1134	0	0	0	0
mm1303	4976	0	0	0	0
mm1304	2999	0	0	0	0
mm1305	4295	0	0	0	0
mm1306	5117	0	0	0	0
mm1307	5099	0	0	0	0
mm1308	4003	0	0	0	0
mm1309	5091	0	0	0	0
mm1310	4706	0	0	0	0
mm1311	4189	0	0	0	0
mm1312	3546	0	0	0	0
mm1313	4542	0	0	0	0
mm1314	4775	0	0	0	0
mm1315	4548	0	0	0	0
mm1316	5027	0	0	0	0
mm1317	4244	0	0	0	0
mm1318	3264	0	0	0	0
mm1319	3003	0	0	0	0
mm1320	3969	0	0	0	0
mm1321	4594	0	0	0	0
mm1322	3590	0	0	0	0
mm1323	4988	0	0	0	0
mm1324	2838	0	0	0	0
mm1325	3138	0	0	0	0
mm1326	4010	0	0	0	0
mm1327	2532	0	0	0	0
mm1328	4353	0	0	0	0
mm1329	3072	0	0	0	0
mm1330	3822	0	0	0	0
mm1331	3322	0	0	0	0
mm1332	3823	0	0	0	0
mm1333	4862	0	0	0	0
mm1334	4181	0	0	0	0
mm1335	3028	0	0	0	0
mm1336	3089	0	0	0	0
mm1337	3048	0	0	0	0
mm1338	3130	0	0	0	0
mm1339	2918	0	0	0	0
mm1340	2985	0	0	0	0
mm1341	2370	0	0	0	0
mm1342	2809	0	0	0	0
mm1343	4971	0	0	0	0
mm1344	3825	0	0	0	0
mm1345	3889	0	0	0	0
mm1346	3805	0	0	0	0
mm1347	2730	0	0	0	0
mm1348	2011	0	0	0	0
mm1349	2754	0	0	0	0
mm1350	2239	0	0	0	0
mm1351	2434	1869	618.522	0.254118	0.330938
mm1352	3785	0	0	0	0
mm1353	4420	0	0	0	0
mm1354	4059	0	0	0	0
mm1355	4229	0	0	0	0
mm1356	3661	0	0	0	0
mm1357	2845	0	0	0	0
mm1358	2702	0	0	0	0
mm1359	3262	0	0	0	0
mm1360	2814	0	0	0	0
mm1361	3074	0	0	0	0
mm1362	2715	0	0	0	0
mm1363	4264	0	0	0	0
mm1364	3362	0	0	0	0
mm1365	2608	0	0	0	0
mm1366	3401	0	0	0	0
mm1367	2892	0	0	0	0
mm1368	3526	0	0	0	0
mm1369	2579	0	0	0	0
mm1370	3699	0	0	0	0
mm1371	2790	0	0	0	0
mm1372	2885	0	0	0	0
mm1375	2773	0	0	0	0
mm1376	2801	0	0	0	0
mm1377	2942	0	0	0	0
mm1378	3190	0	0	0	0
mm1379	4638	0	0	0	0
mm1380	4799	0	0	0	0
mm1381	4113	2488	1820.79	0.442692	0.731829
mm1382	4255	0	0	0	0
mm1383	2736	0	0	0	0
mm1384	3480	0	0	0	0
mm1386	2686	0	0	0	0
mm1387	4039	0	0	0	0
mm1388	3074	0	0	0	0
mm1389	2458	0	0	0	0
mm1390	2857	0	0	0	0
mm1392	2845	0	0	0	0
mm1393	2578	0	0	0	0
mm1398	2826	0	0	0	0
mm1399	2527	0	0	0	0
mm1400	2512	0	0	0	0
mm1401	2697	0	0	0	0
mm1402	3412	0	0	0	0
mm1403	2740	0	0	0	0
mm1405	2532	0	0	0	0
mm1406	2624	0	0	0	0
